################################################################################
#                                                                              #
#      IAR Universal Linker V6.5.1.95                                          #
#                                                                              #
#           Link time     =  25/Aug/2022  23:21:19                             #
#           Target CPU    =  MSP430                                            #
#           List file     =  D:\work\Lora_msp430\lora_msp430\lora_msp430\Debug #
#                            \List\lora_tx.map                                 #
#           Output file 1 =  D:\work\Lora_msp430\lora_msp430\lora_msp430\Debug #
#                            \Exe\lora_tx.d43                                  #
#                            Format: ubrof10                                   #
#                            UBROF version 10.0.6                              #
#                            Using library modules for C-SPY (-rt)             #
#           Command line  =  -f                                                #
#                            C:\Users\PC_Khang\AppData\Local\Temp\EW28DF.tmp   #
#                            (D:\work\Lora_msp430\lora_msp430\lora_msp430\Debu #
#                            g\Obj\main.r43                                    #
#                            D:\work\Lora_msp430\lora_msp430\lora_msp430\Debug #
#                            \Obj\mcu.r43                                      #
#                            D:\work\Lora_msp430\lora_msp430\lora_msp430\Debug #
#                            \Obj\spi.r43                                      #
#                            D:\work\Lora_msp430\lora_msp430\lora_msp430\Debug #
#                            \Obj\sx1276.r43                                   #
#                            D:\work\Lora_msp430\lora_msp430\lora_msp430\Debug #
#                            \Obj\uart.r43                                     #
#                            -o                                                #
#                            D:\work\Lora_msp430\lora_msp430\lora_msp430\Debug #
#                            \Exe\lora_tx.d43                                  #
#                            -l                                                #
#                            D:\work\Lora_msp430\lora_msp430\lora_msp430\Debug #
#                            \List\lora_tx.map                                 #
#                            -xms                                              #
#                            "-IC:\Program Files (x86)\IAR Systems\Embedded Wo #
#                            rkbench 8.0\430\LIB\"                             #
#                            -f                                                #
#                            "C:\Program Files (x86)\IAR Systems\Embedded Work #
#                            bench 8.0\430\config\linker\lnk430g2553.xcl"      #
#                            (-cmsp430 -QCODE_I=CODE_ID -QTLS16_I=TLS16_ID     #
#                            -Z(CONST)INFO=1000-10FF                           #
#                            -Z(CONST)INFOA=10C0-10FF                          #
#                            -Z(CONST)INFOB=1080-10BF                          #
#                            -Z(CONST)INFOC=1040-107F                          #
#                            -Z(CONST)INFOD=1000-103F                          #
#                            -Z(DATA)DATA16_I,DATA16_Z,DATA16_N,TLS16_I=0200-0 #
#                            3FF                                               #
#                            -Z(DATA)DATA16_HEAP+_DATA16_HEAP_SIZE             #
#                            -Z(DATA)CODE_I -Z(DATA)CSTACK+_STACK_SIZE#        #
#                            -Z(CONST)DATA16_C,DATA16_ID,TLS16_ID,DIFUNCT,CHEC #
#                            KSUM=C000-FFDD                                    #
#                            -Z(CODE)CSTART,ISR_CODE,CODE_ID=C000-FFDD         #
#                            -P(CODE)CODE=C000-FFDD                            #
#                            -Z(CONST)SIGNATURE=FFDE-FFDF                      #
#                            -Z(CODE)INTVEC=FFE0-FFFF                          #
#                            -Z(CODE)RESET=FFFE-FFFF) -D_STACK_SIZE=50 -rt     #
#                            "C:\Program Files (x86)\IAR Systems\Embedded Work #
#                            bench 8.0\430\lib\dlib\dl430fn.r43"               #
#                            -e_PrintfLarge=_Printf -e_ScanfLarge=_Scanf       #
#                            -D_DATA16_HEAP_SIZE=50 -s __program_start         #
#                            -D_DATA20_HEAP_SIZE=50)                           #
#                                                                              #
#                           Copyright (C) 1987-2016 IAR Systems AB.            #
################################################################################





                ****************************************
                *                                      *
                *           CROSS REFERENCE            *
                *                                      *
                ****************************************

       Program entry at :           C0F0  Relocatable, from module : ?cstart




                ****************************************
                *                                      *
                *            RUNTIME MODEL             *
                *                                      *
                ****************************************

  __Heap_Handler             = Basic
  __SystemLibrary            = DLib
  __core                     = 430
  __dlib_file_descriptor     = 0
  __dlib_full_locale_support = 0
  __double_size              = 32
  __pic                      = no
  __reg_r4                   = free
  __reg_r5                   = free
  __rt_version               = 3

                ****************************************
                *                                      *
                *    AUTOMATIC SYMBOL REDIRECTIONS     *
                *                                      *
                ****************************************

                  There are no automatic symbol redirections.



                ****************************************
                *                                      *
                *              MODULE MAP              *
                *                                      *
                ****************************************


  DEFINED ABSOLUTE ENTRIES
    *************************************************************************

  DEFINED ABSOLUTE ENTRIES
  PROGRAM MODULE, NAME : ?ABS_ENTRY_MOD

Absolute parts
           ENTRY                   ADDRESS         REF BY
           =====                   =======         ======
           _DATA20_HEAP_SIZE       0050 
           _DATA16_HEAP_SIZE       0050 
           _STACK_SIZE             0050 
    *************************************************************************

  FILE NAME : D:\work\Lora_msp430\lora_msp430\lora_msp430\Debug\Obj\main.r43
  PROGRAM MODULE, NAME : main

  SEGMENTS IN THE MODULE
  ======================
DATA16_AN
  Relative segment, address: 0021 - 0021 (0x1 bytes), align: 0
  Segment part 1. ROOT        Intra module refs:   OnRxDone
                                                   OnTxDone
                                                   main
                                                   mcu_init (mcu)
                                                   sx1275_reset (sx1276)
           ENTRY                   ADDRESS         REF BY
           =====                   =======         ======
           P1OUT                   0021 
    -------------------------------------------------------------------------
DATA16_AN
  Relative segment, address: 0022 - 0022 (0x1 bytes), align: 0
  Segment part 2. ROOT        Intra module refs:   main
                                                   mcu_init (mcu)
                                                   spi_init (spi)
                                                   sx1275_reset (sx1276)
           ENTRY                   ADDRESS         REF BY
           =====                   =======         ======
           P1DIR                   0022 
    -------------------------------------------------------------------------
DATA16_AN
  Relative segment, address: 0029 - 0029 (0x1 bytes), align: 0
  Segment part 3. ROOT        Intra module refs:   main
                                                   spi_chipDisable (spi)
                                                   spi_chipEnable (spi)
                                                   spi_init (spi)
           ENTRY                   ADDRESS         REF BY
           =====                   =======         ======
           P2OUT                   0029 
    -------------------------------------------------------------------------
DATA16_AN
  Relative segment, address: 002A - 002A (0x1 bytes), align: 0
  Segment part 4. ROOT        Intra module refs:   main
                                                   spi_init (spi)
                                                   sx1276_init (sx1276)
           ENTRY                   ADDRESS         REF BY
           =====                   =======         ======
           P2DIR                   002A 
    -------------------------------------------------------------------------
DATA16_AN
  Relative segment, address: 006E - 006E (0x1 bytes), align: 0
  Segment part 5. ROOT        Intra module refs:   OnRxDone
                                                   spi_recv (spi)
           ENTRY                   ADDRESS         REF BY
           =====                   =======         ======
           UCB0RXBUF               006E 
    -------------------------------------------------------------------------
DATA16_Z
  Relative segment, address: 0268 - 0287 (0x20 bytes), align: 0
  Segment part 14.            Intra module refs:   OnTxDone
                                                   SendPing
           ENTRY                   ADDRESS         REF BY
           =====                   =======         ======
           buffer                  0268 
    -------------------------------------------------------------------------
DATA16_Z
  Relative segment, address: 0200 - 020F (0x10 bytes), align: 1
  Segment part 16.            Intra module refs:   rf_init_lora
           LOCAL                   ADDRESS         
           =====                   =======         
           radio_events            0200 
    -------------------------------------------------------------------------
DATA16_Z
  Relative segment, address: 0210 - 0211 (0x2 bytes), align: 1
  Segment part 17.            Intra module refs:   OnRxDone
                                                   main
           ENTRY                   ADDRESS         REF BY
           =====                   =======         ======
           state                   0210 
    -------------------------------------------------------------------------
<CODE> 1 (was CODE)
  Relative segment, address: DD22 - DD31 (0x10 bytes), align: 1
  Segment part 18.            Intra module refs:   OnRxDone
           ENTRY                   ADDRESS         REF BY
           =====                   =======         ======
           SendPing                DD22 
               calls direct
    -------------------------------------------------------------------------
<CODE> 1 (was CODE)
  Relative segment, address: D982 - D9C7 (0x46 bytes), align: 1
  Segment part 19.            Intra module refs:   rf_init_lora
           ENTRY                   ADDRESS         REF BY
           =====                   =======         ======
           OnTxDone                D982 
               calls direct
    -------------------------------------------------------------------------
<CODE> 1 (was CODE)
  Relative segment, address: DA84 - DABF (0x3c bytes), align: 1
  Segment part 20.            Intra module refs:   rf_init_lora
           ENTRY                   ADDRESS         REF BY
           =====                   =======         ======
           OnRxDone                DA84 
               calls direct
    -------------------------------------------------------------------------
<CODE> 1 (was CODE)
  Relative segment, address: DD84 - DD8B (0x8 bytes), align: 1
  Segment part 21.            Intra module refs:   rf_init_lora
           ENTRY                   ADDRESS         REF BY
           =====                   =======         ======
           OnRxError               DD84 
               calls direct
    -------------------------------------------------------------------------
<CODE> 1 (was CODE)
  Relative segment, address: D650 - D6D5 (0x86 bytes), align: 1
  Segment part 22.            Intra module refs:   main
           ENTRY                   ADDRESS         REF BY
           =====                   =======         ======
           rf_init_lora            D650 
               calls direct
    -------------------------------------------------------------------------
<CODE> 1 (was CODE)
  Relative segment, address: D466 - D519 (0xb4 bytes), align: 1
  Segment part 23.
           ENTRY                   ADDRESS         REF BY
           =====                   =======         ======
           main                    D466            Segment part 19 (?cstart)
               calls direct
    -------------------------------------------------------------------------
DATA16_C
  Relative segment, address: C084 - C090 (0xd bytes), align: 0
  Segment part 7.             Intra module refs:   OnTxDone
    -------------------------------------------------------------------------
DATA16_C
  Relative segment, address: C091 - C099 (0x9 bytes), align: 0
  Segment part 8.             Intra module refs:   OnTxDone
    -------------------------------------------------------------------------
DATA16_C
  Relative segment, address: C09A - C0A7 (0xe bytes), align: 0
  Segment part 9.             Intra module refs:   OnRxDone
    -------------------------------------------------------------------------
DATA16_C
  Relative segment, address: C0A8 - C0B0 (0x9 bytes), align: 0
  Segment part 10.            Intra module refs:   OnRxDone
    -------------------------------------------------------------------------
DATA16_C
  Relative segment, address: C0B1 - C0B6 (0x6 bytes), align: 0
  Segment part 11.            Intra module refs:   OnRxError
    -------------------------------------------------------------------------
DATA16_C
  Relative segment, address: C0B7 - C0B9 (0x3 bytes), align: 0
  Segment part 12.            Intra module refs:   main
    -------------------------------------------------------------------------
DATA16_C
  Relative segment, address: C0BA - C0BF (0x6 bytes), align: 0
  Segment part 13.            Intra module refs:   main

    *************************************************************************

  FILE NAME : D:\work\Lora_msp430\lora_msp430\lora_msp430\Debug\Obj\mcu.r43
  PROGRAM MODULE, NAME : mcu

  SEGMENTS IN THE MODULE
  ======================
DATA16_AN
  Relative segment, address: 0056 - 0056 (0x1 bytes), align: 0
  Segment part 1. ROOT        Intra module refs:   mcu_init
           ENTRY                   ADDRESS         REF BY
           =====                   =======         ======
           DCOCTL                  0056 
    -------------------------------------------------------------------------
DATA16_AN
  Relative segment, address: 0057 - 0057 (0x1 bytes), align: 0
  Segment part 2. ROOT        Intra module refs:   mcu_init
           ENTRY                   ADDRESS         REF BY
           =====                   =======         ======
           BCSCTL1                 0057 
    -------------------------------------------------------------------------
DATA16_AN
  Relative segment, address: 0120 - 0121 (0x2 bytes), align: 0
  Segment part 5. ROOT        Intra module refs:   mcu_init
           ENTRY                   ADDRESS         REF BY
           =====                   =======         ======
           WDTCTL                  0120 
    -------------------------------------------------------------------------
DATA16_AN
  Relative segment, address: 10F8 - 10F8 (0x1 bytes), align: 0
  Segment part 6. ROOT        Intra module refs:   mcu_init
           ENTRY                   ADDRESS         REF BY
           =====                   =======         ======
           CALDCO_16MHZ            10F8 
    -------------------------------------------------------------------------
DATA16_AN
  Relative segment, address: 10F9 - 10F9 (0x1 bytes), align: 0
  Segment part 7. ROOT        Intra module refs:   mcu_init
           ENTRY                   ADDRESS         REF BY
           =====                   =======         ======
           CALBC1_16MHZ            10F9 
    -------------------------------------------------------------------------
<CODE> 1 (was CODE)
  Relative segment, address: DC08 - DC2B (0x24 bytes), align: 1
  Segment part 9.
           ENTRY                   ADDRESS         REF BY
           =====                   =======         ======
           mcu_init                DC08            main (main)
    -------------------------------------------------------------------------
<CODE> 1 (was CODE)
  Relative segment, address: DCBE - DCD5 (0x18 bytes), align: 1
  Segment part 10.
           ENTRY                   ADDRESS         REF BY
           =====                   =======         ======
           mcu_delayms             DCBE            sx1275_reset (sx1276)
                                                   sx1276_send (sx1276)
    -------------------------------------------------------------------------
<CODE> 1 (was CODE)
  Relative segment, address: DCD6 - DCEB (0x16 bytes), align: 1
  Segment part 12.
           ENTRY                   ADDRESS         REF BY
           =====                   =======         ======
           mcu_memcpy1             DCD6            sx1276_send (sx1276)

    *************************************************************************

  FILE NAME : D:\work\Lora_msp430\lora_msp430\lora_msp430\Debug\Obj\spi.r43
  PROGRAM MODULE, NAME : spi

  SEGMENTS IN THE MODULE
  ======================
DATA16_AN
  Relative segment, address: 0003 - 0003 (0x1 bytes), align: 0
  Segment part 1. ROOT        Intra module refs:   spi_rxready
                                                   spi_txready
                                                   uart_write (uart)
                                                   uart_writec (uart)
           ENTRY                   ADDRESS         REF BY
           =====                   =======         ======
           IFG2                    0003 
    -------------------------------------------------------------------------
DATA16_AN
  Relative segment, address: 0026 - 0026 (0x1 bytes), align: 0
  Segment part 3. ROOT        Intra module refs:   spi_init
                                                   uart_init (uart)
           ENTRY                   ADDRESS         REF BY
           =====                   =======         ======
           P1SEL                   0026 
    -------------------------------------------------------------------------
DATA16_AN
  Relative segment, address: 0041 - 0041 (0x1 bytes), align: 0
  Segment part 4. ROOT        Intra module refs:   spi_init
                                                   uart_init (uart)
           ENTRY                   ADDRESS         REF BY
           =====                   =======         ======
           P1SEL2                  0041 
    -------------------------------------------------------------------------
DATA16_AN
  Relative segment, address: 0068 - 0068 (0x1 bytes), align: 0
  Segment part 7. ROOT        Intra module refs:   spi_init
           ENTRY                   ADDRESS         REF BY
           =====                   =======         ======
           UCB0CTL0                0068 
    -------------------------------------------------------------------------
DATA16_AN
  Relative segment, address: 0069 - 0069 (0x1 bytes), align: 0
  Segment part 8. ROOT        Intra module refs:   spi_init
           ENTRY                   ADDRESS         REF BY
           =====                   =======         ======
           UCB0CTL1                0069 
    -------------------------------------------------------------------------
DATA16_AN
  Relative segment, address: 006A - 006A (0x1 bytes), align: 0
  Segment part 9. ROOT        Intra module refs:   spi_init
           ENTRY                   ADDRESS         REF BY
           =====                   =======         ======
           UCB0BR0                 006A 
    -------------------------------------------------------------------------
DATA16_AN
  Relative segment, address: 006B - 006B (0x1 bytes), align: 0
  Segment part 10. ROOT       Intra module refs:   spi_init
           ENTRY                   ADDRESS         REF BY
           =====                   =======         ======
           UCB0BR1                 006B 
    -------------------------------------------------------------------------
DATA16_AN
  Relative segment, address: 006F - 006F (0x1 bytes), align: 0
  Segment part 12. ROOT       Intra module refs:   spi_send
           ENTRY                   ADDRESS         REF BY
           =====                   =======         ======
           UCB0TXBUF               006F 
    -------------------------------------------------------------------------
DATA16_Z
  Relative segment, address: 0288 - 0288 (0x1 bytes), align: 0
  Segment part 14.            Intra module refs:   spi_recv
           ENTRY                   ADDRESS         REF BY
           =====                   =======         ======
           spi_buf                 0288            sx1276_read (sx1276)
                                                   sx1276_read_buffer (sx1276)
    -------------------------------------------------------------------------
<CODE> 1 (was CODE)
  Relative segment, address: DA08 - DA45 (0x3e bytes), align: 1
  Segment part 15.
           ENTRY                   ADDRESS         REF BY
           =====                   =======         ======
           spi_init                DA08            main (main)
    -------------------------------------------------------------------------
<CODE> 1 (was CODE)
  Relative segment, address: DD94 - DD9B (0x8 bytes), align: 1
  Segment part 16.            Intra module refs:   spi_send
           ENTRY                   ADDRESS         REF BY
           =====                   =======         ======
           spi_txready             DD94            sx1276_write_buffer (sx1276)
    -------------------------------------------------------------------------
<CODE> 1 (was CODE)
  Relative segment, address: DD9C - DDA3 (0x8 bytes), align: 1
  Segment part 17.            Intra module refs:   spi_recv
           ENTRY                   ADDRESS         REF BY
           =====                   =======         ======
           spi_rxready             DD9C 
    -------------------------------------------------------------------------
<CODE> 1 (was CODE)
  Relative segment, address: DD70 - DD79 (0xa bytes), align: 1
  Segment part 18.            Intra module refs:   spi_transfer
           ENTRY                   ADDRESS         REF BY
           =====                   =======         ======
           spi_send                DD70            sx1276_read_buffer (sx1276)
                                                   sx1276_write_buffer (sx1276)
               calls direct
    -------------------------------------------------------------------------
<CODE> 1 (was CODE)
  Relative segment, address: DD4E - DD59 (0xc bytes), align: 1
  Segment part 19.            Intra module refs:   spi_transfer
           ENTRY                   ADDRESS         REF BY
           =====                   =======         ======
           spi_recv                DD4E 
               calls direct
    -------------------------------------------------------------------------
<CODE> 1 (was CODE)
  Relative segment, address: DD8C - DD93 (0x8 bytes), align: 1
  Segment part 20.
           ENTRY                   ADDRESS         REF BY
           =====                   =======         ======
           spi_transfer            DD8C            sx1276_read (sx1276)
                                                   sx1276_read_buffer (sx1276)
                                                   sx1276_write (sx1276)
               calls direct
    -------------------------------------------------------------------------
<CODE> 1 (was CODE)
  Relative segment, address: DDA4 - DDA9 (0x6 bytes), align: 1
  Segment part 21.
           ENTRY                   ADDRESS         REF BY
           =====                   =======         ======
           spi_chipEnable          DDA4            sx1276_read (sx1276)
                                                   sx1276_read_buffer (sx1276)
                                                   sx1276_write (sx1276)
                                                   sx1276_write_buffer (sx1276)
    -------------------------------------------------------------------------
<CODE> 1 (was CODE)
  Relative segment, address: DDAA - DDAF (0x6 bytes), align: 1
  Segment part 22.
           ENTRY                   ADDRESS         REF BY
           =====                   =======         ======
           spi_chipDisable         DDAA            sx1276_read (sx1276)
                                                   sx1276_read_buffer (sx1276)
                                                   sx1276_write (sx1276)
                                                   sx1276_write_buffer (sx1276)

    *************************************************************************

  FILE NAME : D:\work\Lora_msp430\lora_msp430\lora_msp430\Debug\Obj\sx1276.r43
  PROGRAM MODULE, NAME : sx1276

  SEGMENTS IN THE MODULE
  ======================
DATA16_AN
  Relative segment, address: 002B - 002B (0x1 bytes), align: 0
  Segment part 4. ROOT        Intra module refs:   port_2
                                                   sx1276_init
           ENTRY                   ADDRESS         REF BY
           =====                   =======         ======
           P2IFG                   002B 
    -------------------------------------------------------------------------
DATA16_AN
  Relative segment, address: 002C - 002C (0x1 bytes), align: 0
  Segment part 5. ROOT        Intra module refs:   sx1276_init
           ENTRY                   ADDRESS         REF BY
           =====                   =======         ======
           P2IES                   002C 
    -------------------------------------------------------------------------
DATA16_AN
  Relative segment, address: 002D - 002D (0x1 bytes), align: 0
  Segment part 6. ROOT        Intra module refs:   sx1276_init
           ENTRY                   ADDRESS         REF BY
           =====                   =======         ======
           P2IE                    002D 
    -------------------------------------------------------------------------
DATA16_Z
  Relative segment, address: 0289 - 0388 (0x100 bytes), align: 0
  Segment part 9.             Intra module refs:   sx1276_on_dio0irq
                                                   sx1276_send
                                                   sx1276_set_rx
           LOCAL                   ADDRESS         
           =====                   =======         
           RxTxBuffer              0289 
    -------------------------------------------------------------------------
DATA16_Z
  Relative segment, address: 0212 - 0265 (0x54 bytes), align: 1
  Segment part 10.            Intra module refs:   sx1276_init
                                                   sx1276_on_dio0irq
                                                   sx1276_send
                                                   sx1276_set_channel
                                                   sx1276_set_modem
                                                   sx1276_set_rx
                                                   sx1276_set_rxconfig
                                                   sx1276_set_tx
                                                   sx1276_set_txconfig
           ENTRY                   ADDRESS         REF BY
           =====                   =======         ======
           sx1276                  0212 
    -------------------------------------------------------------------------
DATA16_C
  Relative segment, address: C0C0 - C0EF (0x30 bytes), align: 0
  Segment part 11.            Intra module refs:   sx1276_init
           ENTRY                   ADDRESS         REF BY
           =====                   =======         ======
           radio_registers         C0C0 
    -------------------------------------------------------------------------
DATA16_C
  Relative segment, address: C000 - C083 (0x84 bytes), align: 1
  Segment part 12.            Intra module refs:   sx1276_get_fsk_bandwidthregvalue
           ENTRY                   ADDRESS         REF BY
           =====                   =======         ======
           fsk_bandwidths          C000 
    -------------------------------------------------------------------------
DATA16_Z
  Relative segment, address: 0266 - 0267 (0x2 bytes), align: 1
  Segment part 13.            Intra module refs:   sx1276_init
                                                   sx1276_on_dio0irq
           LOCAL                   ADDRESS         
           =====                   =======         
           radio_events            0266 
    -------------------------------------------------------------------------
<CODE> 1 (was CODE)
  Relative segment, address: DCA4 - DCBD (0x1a bytes), align: 1
  Segment part 14.            Intra module refs:   sx1276_set_txconfig
           LOCAL                   ADDRESS         
           =====                   =======         
           sx1276_get_paselect     DCA4 
    -------------------------------------------------------------------------
<CODE> 1 (was CODE)
  Relative segment, address: D8E4 - D935 (0x52 bytes), align: 1
  Segment part 15.            Intra module refs:   sx1276_set_rxconfig
           LOCAL                   ADDRESS         
           =====                   =======         
           sx1276_get_fsk_bandwidthregvalue
                                   D8E4 
    -------------------------------------------------------------------------
<CODE> 1 (was CODE)
  Relative segment, address: D7C0 - D82B (0x6c bytes), align: 1
  Segment part 23.
           ENTRY                   ADDRESS         REF BY
           =====                   =======         ======
           sx1276_init             D7C0            rf_init_lora (main)
               calls direct
    -------------------------------------------------------------------------
<CODE> 1 (was CODE)
  Relative segment, address: DAF8 - DB29 (0x32 bytes), align: 1
  Segment part 22.            Intra module refs:   sx1276_init
           ENTRY                   ADDRESS         REF BY
           =====                   =======         ======
           sx1275_reset            DAF8 
               calls direct
    -------------------------------------------------------------------------
<CODE> 1 (was CODE)
  Relative segment, address: D388 - D465 (0xde bytes), align: 1
  Segment part 21.            Intra module refs:   sx1276_init
           ENTRY                   ADDRESS         REF BY
           =====                   =======         ======
           sx1276_rxchain_calibration
                                   D388 
               calls direct
    -------------------------------------------------------------------------
<CODE> 1 (was CODE)
  Relative segment, address: C512 - C8CF (0x3be bytes), align: 1
  Segment part 24.
           ENTRY                   ADDRESS         REF BY
           =====                   =======         ======
           sx1276_set_rxconfig     C512            rf_init_lora (main)
               calls direct
    -------------------------------------------------------------------------
<CODE> 1 (was CODE)
  Relative segment, address: C108 - C511 (0x40a bytes), align: 1
  Segment part 25.
           ENTRY                   ADDRESS         REF BY
           =====                   =======         ======
           sx1276_set_txconfig     C108            rf_init_lora (main)
               calls direct
    -------------------------------------------------------------------------
<CODE> 1 (was CODE)
  Relative segment, address: D14C - D277 (0x12c bytes), align: 1
  Segment part 30.
           ENTRY                   ADDRESS         REF BY
           =====                   =======         ======
           sx1276_send             D14C            SendPing (main)
               calls direct
    -------------------------------------------------------------------------
<CODE> 1 (was CODE)
  Relative segment, address: CBD6 - CEBB (0x2e6 bytes), align: 1
  Segment part 31.
           ENTRY                   ADDRESS         REF BY
           =====                   =======         ======
           sx1276_set_rx           CBD6            main (main)
               calls direct
    -------------------------------------------------------------------------
<CODE> 1 (was CODE)
  Relative segment, address: D51A - D5C9 (0xb0 bytes), align: 1
  Segment part 27.            Intra module refs:   sx1276_send
           ENTRY                   ADDRESS         REF BY
           =====                   =======         ======
           sx1276_set_tx           D51A 
               calls direct
    -------------------------------------------------------------------------
<CODE> 1 (was CODE)
  Relative segment, address: D82C - D88B (0x60 bytes), align: 1
  Segment part 20.            Intra module refs:   sx1276_rxchain_calibration
                                                   sx1276_set_rx
           ENTRY                   ADDRESS         REF BY
           =====                   =======         ======
           sx1276_set_channel      D82C            rf_init_lora (main)
               calls direct
    -------------------------------------------------------------------------
<CODE> 1 (was CODE)
  Relative segment, address: D754 - D7BF (0x6c bytes), align: 1
  Segment part 19.            Intra module refs:   sx1276_init
                                                   sx1276_set_rxconfig
                                                   sx1276_set_txconfig
           ENTRY                   ADDRESS         REF BY
           =====                   =======         ======
           sx1276_set_modem        D754 
               calls direct
    -------------------------------------------------------------------------
<CODE> 1 (was CODE)
  Relative segment, address: DC6C - DC87 (0x1c bytes), align: 1
  Segment part 18.            Intra module refs:   sx1276_init
                                                   sx1276_send
                                                   sx1276_set_modem
                                                   sx1276_set_rx
                                                   sx1276_set_tx
           ENTRY                   ADDRESS         REF BY
           =====                   =======         ======
           sx1276_set_opmode       DC6C 
               calls direct
    -------------------------------------------------------------------------
<CODE> 1 (was CODE)
  Relative segment, address: DBBC - DBE1 (0x26 bytes), align: 1
  Segment part 16.            Intra module refs:   sx1276_init
                                                   sx1276_on_dio0irq
                                                   sx1276_rxchain_calibration
                                                   sx1276_send
                                                   sx1276_set_channel
                                                   sx1276_set_modem
                                                   sx1276_set_opmode
                                                   sx1276_set_rx
                                                   sx1276_set_rxconfig
                                                   sx1276_set_tx
                                                   sx1276_set_txconfig
           ENTRY                   ADDRESS         REF BY
           =====                   =======         ======
           sx1276_write            DBBC 
               calls direct
    -------------------------------------------------------------------------
<CODE> 1 (was CODE)
  Relative segment, address: DA46 - DA83 (0x3e bytes), align: 1
  Segment part 28.            Intra module refs:   sx1276_write_fifo
           ENTRY                   ADDRESS         REF BY
           =====                   =======         ======
           sx1276_write_buffer     DA46 
               calls direct
    -------------------------------------------------------------------------
<CODE> 1 (was CODE)
  Relative segment, address: DD7A - DD83 (0xa bytes), align: 1
  Segment part 29.            Intra module refs:   sx1276_send
           ENTRY                   ADDRESS         REF BY
           =====                   =======         ======
           sx1276_write_fifo       DD7A 
               calls direct
    -------------------------------------------------------------------------
<CODE> 1 (was CODE)
  Relative segment, address: DBE2 - DC07 (0x26 bytes), align: 1
  Segment part 17.            Intra module refs:   sx1276_on_dio0irq
                                                   sx1276_rxchain_calibration
                                                   sx1276_send
                                                   sx1276_set_modem
                                                   sx1276_set_opmode
                                                   sx1276_set_rx
                                                   sx1276_set_rxconfig
                                                   sx1276_set_tx
                                                   sx1276_set_txconfig
           ENTRY                   ADDRESS         REF BY
           =====                   =======         ======
           sx1276_read             DBE2            main (main)
               calls direct
    -------------------------------------------------------------------------
<CODE> 1 (was CODE)
  Relative segment, address: D9C8 - DA07 (0x40 bytes), align: 1
  Segment part 32.            Intra module refs:   sx1276_read_fifo
           ENTRY                   ADDRESS         REF BY
           =====                   =======         ======
           sx1276_read_buffer      D9C8 
               calls direct
    -------------------------------------------------------------------------
<CODE> 1 (was CODE)
  Relative segment, address: DD66 - DD6F (0xa bytes), align: 1
  Segment part 33.            Intra module refs:   sx1276_on_dio0irq
           ENTRY                   ADDRESS         REF BY
           =====                   =======         ======
           sx1276_read_fifo        DD66 
               calls direct
    -------------------------------------------------------------------------
<CODE> 1 (was CODE)
  Relative segment, address: C8D0 - CBD5 (0x306 bytes), align: 1
  Segment part 34.            Intra module refs:   port_2
           ENTRY                   ADDRESS         REF BY
           =====                   =======         ======
           sx1276_on_dio0irq       C8D0 
               calls direct and indirect
    -------------------------------------------------------------------------
<CODE> 1 (was CODE)
  Relative segment, address: DC4C - DC6B (0x20 bytes), align: 1
  Segment part 35.            Intra module refs:   port_2::??INTVEC 6
           ENTRY                   ADDRESS         REF BY
           =====                   =======         ======
           port_2                  DC4C 
               interrupt function
               calls direct
    -------------------------------------------------------------------------
INTVEC
  Common segment, address: FFE0 - FFE7 (0x8 bytes), align: 1
  Segment part 7. ROOT 
           ENTRY                   ADDRESS         REF BY
           =====                   =======         ======
           port_2::??INTVEC 6      FFE6 

    *************************************************************************

  FILE NAME : D:\work\Lora_msp430\lora_msp430\lora_msp430\Debug\Obj\uart.r43
  PROGRAM MODULE, NAME : uart

  SEGMENTS IN THE MODULE
  ======================
DATA16_AN
  Relative segment, address: 0061 - 0061 (0x1 bytes), align: 0
  Segment part 4. ROOT        Intra module refs:   uart_init
           ENTRY                   ADDRESS         REF BY
           =====                   =======         ======
           UCA0CTL1                0061 
    -------------------------------------------------------------------------
DATA16_AN
  Relative segment, address: 0062 - 0062 (0x1 bytes), align: 0
  Segment part 5. ROOT        Intra module refs:   uart_init
           ENTRY                   ADDRESS         REF BY
           =====                   =======         ======
           UCA0BR0                 0062 
    -------------------------------------------------------------------------
DATA16_AN
  Relative segment, address: 0063 - 0063 (0x1 bytes), align: 0
  Segment part 6. ROOT        Intra module refs:   uart_init
           ENTRY                   ADDRESS         REF BY
           =====                   =======         ======
           UCA0BR1                 0063 
    -------------------------------------------------------------------------
DATA16_AN
  Relative segment, address: 0064 - 0064 (0x1 bytes), align: 0
  Segment part 7. ROOT        Intra module refs:   uart_init
           ENTRY                   ADDRESS         REF BY
           =====                   =======         ======
           UCA0MCTL                0064 
    -------------------------------------------------------------------------
DATA16_AN
  Relative segment, address: 0065 - 0065 (0x1 bytes), align: 0
  Segment part 8. ROOT        Intra module refs:   uart_init
           ENTRY                   ADDRESS         REF BY
           =====                   =======         ======
           UCA0STAT                0065 
    -------------------------------------------------------------------------
DATA16_AN
  Relative segment, address: 0067 - 0067 (0x1 bytes), align: 0
  Segment part 9. ROOT        Intra module refs:   uart_write
                                                   uart_writec
           ENTRY                   ADDRESS         REF BY
           =====                   =======         ======
           UCA0TXBUF               0067 
    -------------------------------------------------------------------------
<CODE> 1 (was CODE)
  Relative segment, address: DB8E - DBBB (0x2e bytes), align: 1
  Segment part 11.
           ENTRY                   ADDRESS         REF BY
           =====                   =======         ======
           uart_init               DB8E            main (main)
    -------------------------------------------------------------------------
<CODE> 1 (was CODE)
  Relative segment, address: DC2C - DC4B (0x20 bytes), align: 1
  Segment part 12.            Intra module refs:   uart_printhex32
                                                   uart_printhex8
           ENTRY                   ADDRESS         REF BY
           =====                   =======         ======
           uart_write              DC2C            OnRxDone (main)
                                                   OnRxError (main)
                                                   OnTxDone (main)
                                                   main (main)
    -------------------------------------------------------------------------
<CODE> 1 (was CODE)
  Relative segment, address: DD42 - DD4D (0xc bytes), align: 1
  Segment part 14.
           ENTRY                   ADDRESS         REF BY
           =====                   =======         ======
           uart_writec             DD42            OnRxDone (main)
                                                   OnTxDone (main)
                                                   main (main)
    -------------------------------------------------------------------------
<CODE> 1 (was CODE)
  Relative segment, address: D88C - D8E3 (0x58 bytes), align: 1
  Segment part 15.
           ENTRY                   ADDRESS         REF BY
           =====                   =======         ======
           uart_printhex8          D88C            main (main)
               calls direct
    -------------------------------------------------------------------------
<CODE> 1 (was CODE)
  Relative segment, address: D5CA - D64F (0x86 bytes), align: 1
  Segment part 16.
           ENTRY                   ADDRESS         REF BY
           =====                   =======         ======
           uart_printhex32         D5CA            main (main)
               calls direct

    *************************************************************************

  FILE NAME : C:\Program Files (x86)\IAR Systems\Embedded Workbench 8.0\430\lib\dlib\dl430fn.r43
  LIBRARY MODULE, NAME : ?__dbg_break

  SEGMENTS IN THE MODULE
  ======================
<CODE> 1 (was CODE)
  Relative segment, address: DDB8 - DDB9 (0x2 bytes), align: 1
  Segment part 2.
           ENTRY                   ADDRESS         REF BY
           =====                   =======         ======
           __DebugBreak            DDB8            __exit (?__exit)

    -------------------------------------------------------------------------
  LIBRARY MODULE, NAME : ?__exit

  SEGMENTS IN THE MODULE
  ======================
<CODE> 1 (was CODE)
  Relative segment, address: DCFE - DD0F (0x12 bytes), align: 1
  Segment part 2.
           ENTRY                   ADDRESS         REF BY
           =====                   =======         ======
           __exit                  DCFE            Segment part 6 (?_exit)
                                                   _exit (?_exit)
               calls direct

    -------------------------------------------------------------------------
  LIBRARY MODULE, NAME : ?_exit

  SEGMENTS IN THE MODULE
  ======================
<CODE> 1 (was CODE)
  Relative segment, address: DDB0, align: 1
  Segment part 0.
           ENTRY                   ADDRESS         REF BY
           =====                   =======         ======
           _exit                   DDB0            exit (?exit)
    -------------------------------------------------------------------------
<CODE> 1 (was CODE)
  Relative segment, address: DDB0 - DDB3 (0x4 bytes), align: 1
  Segment part 6.             Intra module refs:   _exit

    -------------------------------------------------------------------------
  LIBRARY MODULE, NAME : ?cstart

  SEGMENTS IN THE MODULE
  ======================
CSTACK
  Relative segment, address: 03B0, align: 1
  Segment part 1.
    -------------------------------------------------------------------------
DATA16_Z
  Relative segment, address: 0268, align: 1
  Segment part 2.
    -------------------------------------------------------------------------
CSTART
  Relative segment, address: C0F0 - C0F3 (0x4 bytes), align: 1
  Segment part 9.
           ENTRY                   ADDRESS         REF BY
           =====                   =======         ======
           __program_start         C0F0            ?reset_vector (?reset_vector)
                                                   Absolute parts (?ABS_ENTRY_MOD)
           ?cstart_begin           C0F0 
    -------------------------------------------------------------------------
CSTART
  Relative segment, address: C0F4 - C0FF (0xc bytes), align: 1
  Segment part 14.
           ENTRY                   ADDRESS         REF BY
           =====                   =======         ======
           ?cstart_init_zero       C0F4            RxTxBuffer (sx1276)
                                                   buffer (main)
                                                   radio_events (main)
                                                   radio_events (sx1276)
                                                   spi_buf (spi)
                                                   state (main)
                                                   sx1276 (sx1276)
    -------------------------------------------------------------------------
CSTART
  Relative segment, address: C100 - C107 (0x8 bytes), align: 1
  Segment part 19.            Intra module refs:   Segment part 9
           ENTRY                   ADDRESS         REF BY
           =====                   =======         ======
           ?cstart_call_main       C100 
           ?cstart_end             C108 

    -------------------------------------------------------------------------
  LIBRARY MODULE, NAME : ?reset_vector

  SEGMENTS IN THE MODULE
  ======================
RESET
  Relative segment, address: FFFE - FFFF (0x2 bytes), align: 1
  Segment part 0.
           ENTRY                   ADDRESS         REF BY
           =====                   =======         ======
           ?reset_vector           FFFE            Segment part 9 (?cstart)

    -------------------------------------------------------------------------
  LIBRARY MODULE, NAME : ?Epilogue

  SEGMENTS IN THE MODULE
  ======================
<CODE> 1 (was CODE)
  Relative segment, address: DCEC - DCED (0x2 bytes), align: 1
  Segment part 0.
           ENTRY                   ADDRESS         REF BY
           =====                   =======         ======
           ?Epilogue8              DCEC            sx1276_set_rxconfig (sx1276)
                                                   sx1276_set_txconfig (sx1276)
    -------------------------------------------------------------------------
<CODE> 1 (was CODE)
  Relative segment, address: DCEE - DCEF (0x2 bytes), align: 1
  Segment part 1.             Intra module refs:   ?Epilogue8
           ENTRY                   ADDRESS         REF BY
           =====                   =======         ======
           ?Epilogue7              DCEE 
    -------------------------------------------------------------------------
<CODE> 1 (was CODE)
  Relative segment, address: DCF0 - DCF1 (0x2 bytes), align: 1
  Segment part 2.             Intra module refs:   ?Epilogue7
           ENTRY                   ADDRESS         REF BY
           =====                   =======         ======
           ?Epilogue6              DCF0 
    -------------------------------------------------------------------------
<CODE> 1 (was CODE)
  Relative segment, address: DCF2 - DCF3 (0x2 bytes), align: 1
  Segment part 3.             Intra module refs:   ?Epilogue6
           ENTRY                   ADDRESS         REF BY
           =====                   =======         ======
           ?Epilogue5              DCF2 
    -------------------------------------------------------------------------
<CODE> 1 (was CODE)
  Relative segment, address: DCF4 - DCF5 (0x2 bytes), align: 1
  Segment part 4.             Intra module refs:   ?Epilogue5
           ENTRY                   ADDRESS         REF BY
           =====                   =======         ======
           ?Epilogue4              DCF4            uart_printhex8 (uart)
    -------------------------------------------------------------------------
<CODE> 1 (was CODE)
  Relative segment, address: DCF6 - DCFD (0x8 bytes), align: 1
  Segment part 5.             Intra module refs:   ?Epilogue4
           ENTRY                   ADDRESS         REF BY
           =====                   =======         ======
           ?Epilogue3              DCF6            sx1276_read_buffer (sx1276)
                                                   sx1276_rxchain_calibration (sx1276)
                                                   sx1276_write_buffer (sx1276)
                                                   uart_printhex32 (uart)

    -------------------------------------------------------------------------
  LIBRARY MODULE, NAME : ?exit

  SEGMENTS IN THE MODULE
  ======================
<CODE> 1 (was CODE)
  Relative segment, address: DDB4 - DDB7 (0x4 bytes), align: 1
  Segment part 2.
           ENTRY                   ADDRESS         REF BY
           =====                   =======         ======
           exit                    DDB4            Segment part 19 (?cstart)
               calls direct

    -------------------------------------------------------------------------
  LIBRARY MODULE, NAME : ?Cast32f32i

  SEGMENTS IN THE MODULE
  ======================
<CODE> 1 (was CODE)
  Relative segment, address: D6D6 - D753 (0x7e bytes), align: 1
  Segment part 1.
           ENTRY                   ADDRESS         REF BY
           =====                   =======         ======
           _Cast32uto32f           D6D6            sx1276_rxchain_calibration (sx1276)
                                                   sx1276_set_channel (sx1276)
                                                   sx1276_set_rx (sx1276)
                                                   sx1276_set_rxconfig (sx1276)
                                                   sx1276_set_txconfig (sx1276)

    -------------------------------------------------------------------------
  LIBRARY MODULE, NAME : _Cast32fto32u

  SEGMENTS IN THE MODULE
  ======================
<CODE> 1 (was CODE)
  Relative segment, address: DD5A - DD65 (0xc bytes), align: 1
  Segment part 0.
           ENTRY                   ADDRESS         REF BY
           =====                   =======         ======
           _Cast32fto32u           DD5A            sx1276_rxchain_calibration (sx1276)
                                                   sx1276_set_channel (sx1276)
                                                   sx1276_set_rx (sx1276)

    -------------------------------------------------------------------------
  LIBRARY MODULE, NAME : _Cast32fto32s

  SEGMENTS IN THE MODULE
  ======================
<CODE> 1 (was CODE)
  Relative segment, address: DB2A - DB5B (0x32 bytes), align: 1
  Segment part 0.
           ENTRY                   ADDRESS         REF BY
           =====                   =======         ======
           _Cast32fto32s           DB2A            sx1276_set_rxconfig (sx1276)
                                                   sx1276_set_txconfig (sx1276)

    -------------------------------------------------------------------------
  LIBRARY MODULE, NAME : ?FLT_Extract

  SEGMENTS IN THE MODULE
  ======================
<CODE> 1 (was CODE)
  Relative segment, address: D936 - D981 (0x4c bytes), align: 1
  Segment part 0.
           ENTRY                   ADDRESS         REF BY
           =====                   =======         ======
           ?FLT_Extract            D936            _Cast32fto32s (_Cast32fto32s)
                                                   _Cast32fto32u (_Cast32fto32u)

    -------------------------------------------------------------------------
  LIBRARY MODULE, NAME : _Mul32f

  SEGMENTS IN THE MODULE
  ======================
<CODE> 1 (was CODE)
  Relative segment, address: D278 - D387 (0x110 bytes), align: 1
  Segment part 0.
           ENTRY                   ADDRESS         REF BY
           =====                   =======         ======
           _Mul32f                 D278            sx1276_rxchain_calibration (sx1276)

    -------------------------------------------------------------------------
  LIBRARY MODULE, NAME : _Div32f

  SEGMENTS IN THE MODULE
  ======================
<CODE> 1 (was CODE)
  Relative segment, address: D01C - D14B (0x130 bytes), align: 1
  Segment part 0.
           ENTRY                   ADDRESS         REF BY
           =====                   =======         ======
           _Div32f                 D01C            sx1276_set_channel (sx1276)
                                                   sx1276_set_rxconfig (sx1276)
                                                   sx1276_set_txconfig (sx1276)

    -------------------------------------------------------------------------
  LIBRARY MODULE, NAME : _Add32f

  SEGMENTS IN THE MODULE
  ======================
<CODE> 1 (was CODE)
  Relative segment, address: CEBC - D01B (0x160 bytes), align: 1
  Segment part 1.
           ENTRY                   ADDRESS         REF BY
           =====                   =======         ======
           _Add32f                 CEBC            sx1276_set_rx (sx1276)

    -------------------------------------------------------------------------
  LIBRARY MODULE, NAME : ?Mul816

  SEGMENTS IN THE MODULE
  ======================
<CODE> 1 (was CODE)
  Relative segment, address: DB5C - DB5F (0x4 bytes), align: 1
  Segment part 0.
           ENTRY                   ADDRESS         REF BY
           =====                   =======         ======
           ?Mul8                   DB5C            uart_printhex32 (uart)
                                                   uart_printhex8 (uart)
    -------------------------------------------------------------------------
<CODE> 1 (was CODE)
  Relative segment, address: DB60 - DB8D (0x2e bytes), align: 1
  Segment part 1.             Intra module refs:   ?Mul8
           ENTRY                   ADDRESS         REF BY
           =====                   =======         ======
           ?Mul16                  DB60 
           ?Mul16to32u             DB60 

    -------------------------------------------------------------------------
  LIBRARY MODULE, NAME : ?DivMod816u

  SEGMENTS IN THE MODULE
  ======================
<CODE> 1 (was CODE)
  Relative segment, address: DC88 - DC8B (0x4 bytes), align: 1
  Segment part 0.
           ENTRY                   ADDRESS         REF BY
           =====                   =======         ======
           ?DivMod8u               DC88            uart_printhex8 (uart)
    -------------------------------------------------------------------------
<CODE> 1 (was CODE)
  Relative segment, address: DC8C - DCA3 (0x18 bytes), align: 1
  Segment part 1.             Intra module refs:   ?DivMod8u
           ENTRY                   ADDRESS         REF BY
           =====                   =======         ======
           ?DivMod16u              DC8C 

    -------------------------------------------------------------------------
  LIBRARY MODULE, NAME : ?DivMod32u

  SEGMENTS IN THE MODULE
  ======================
<CODE> 1 (was CODE)
  Relative segment, address: DAC0 - DAF7 (0x38 bytes), align: 1
  Segment part 0.
           ENTRY                   ADDRESS         REF BY
           =====                   =======         ======
           ?DivMod32u              DAC0            uart_printhex32 (uart)

    -------------------------------------------------------------------------
  LIBRARY MODULE, NAME : ?memset

  SEGMENTS IN THE MODULE
  ======================
<CODE> 1 (was CODE)
  Relative segment, address: DD10 - DD21 (0x12 bytes), align: 1
  Segment part 2.
           ENTRY                   ADDRESS         REF BY
           =====                   =======         ======
           memset                  DD10            sx1276_set_rx (sx1276)

    -------------------------------------------------------------------------
  LIBRARY MODULE, NAME : ?memzero

  SEGMENTS IN THE MODULE
  ======================
<CODE> 1 (was CODE)
  Relative segment, address: DD32 - DD41 (0x10 bytes), align: 1
  Segment part 2.
           ENTRY                   ADDRESS         REF BY
           =====                   =======         ======
           __data16_memzero        DD32            ?cstart_init_zero (?cstart)




                ****************************************
                *                                      *
                *      SEGMENTS IN ADDRESS ORDER       *
                *                                      *
                ****************************************


SEGMENT              SPACE    START ADDRESS   END ADDRESS     SIZE  TYPE  ALIGN
=======              =====    =============   ===========     ====  ====  =====
DATA16_AN                              0003 - 0003               1   rel    0
                                       0021 - 0022               2 
                                       0026 - 0026               1 
                                       0029 - 002D               5 
                                       0041 - 0041               1 
                                       0056 - 0057               2 
                                       0061 - 0065               5 
                                       0067 - 006B               5 
                                       006E - 006F               2 
                                       0120 - 0121               2 
DATA16_I                                  0200                       dse    0
DATA16_Z                               0200 - 0388             189   rel    1
CSTACK                                 03B0 - 03FF              50   rel    1
DATA16_AN                              10F8 - 10F9               2   rel    0
DATA16_C                               C000 - C0EF              F0   rel    1
CSTART                                 C0F0 - C107              18   rel    1
<CODE> 1                               C108 - DDB9            1CB2   rel    1
INTVEC                                 FFE0 - FFE7               8   com    1
RESET                                  FFFE - FFFF               2   rel    1

                ****************************************
                *                                      *
                *        END OF CROSS REFERENCE        *
                *                                      *
                ****************************************

 7 380 bytes of CODE  memory
   473 bytes of DATA  memory (+ 28 absolute )
   240 bytes of CONST memory

Errors: none
Warnings: none

